Microchip MPLAB XC8 Compiler V2.32

Linker command line:

-W-3 --edf=D:\Study\Microchip\xc8\v2.32\pic\dat\en_msgs.txt -cn \
  -h+dist/default/production\TemplateAuto.X.production.sym \
  --cmf=dist/default/production\TemplateAuto.X.production.cmf -z -Q16F18877 \
  -oC:\Users\User\AppData\Local\Temp\xcAs12c.4 --defsym=__MPLAB_BUILD=1 \
  -Mdist/default/production/TemplateAuto.X.production.map -E1 \
  -ver=XC8 Compiler --acfsm=1493 -ASTACK=020FCh-02FEFh -pstack=STACK \
  -ACODE=00h-07FFhx16 -ASTRCODE=00h-07FFFh -ASTRING=00h-0FFhx128 \
  -ACONST=00h-0FFhx128 -AENTRY=00h-0FFhx128 -ACOMMON=070h-07Fh \
  -ABANK0=020h-06Fh -ABANK1=0A0h-0EFh -ABANK2=0120h-016Fh \
  -ABANK3=01A0h-01EFh -ABANK4=0220h-026Fh -ABANK5=02A0h-02EFh \
  -ABANK6=0320h-036Fh -ABANK7=03A0h-03EFh -ABANK8=0420h-046Fh \
  -ABANK9=04A0h-04EFh -ABANK10=0520h-056Fh -ABANK11=05A0h-05EFh \
  -ABANK12=0620h-066Fh -ABANK13=06A0h-06EFh -ABANK14=0720h-076Fh \
  -ABANK15=07A0h-07EFh -ABANK16=0820h-086Fh -ABANK17=08A0h-08EFh \
  -ABANK18=0920h-096Fh -ABANK19=09A0h-09EFh -ABANK20=0A20h-0A6Fh \
  -ABANK21=0AA0h-0AEFh -ABANK22=0B20h-0B6Fh -ABANK23=0BA0h-0BEFh \
  -ABANK24=0C20h-0C6Fh -ABANK25=0CA0h-0CEFh -ABANK26=0D20h-0D6Fh \
  -ABANK27=0DA0h-0DEFh -ABANK28=0E20h-0E6Fh -ABANK29=0EA0h-0EEFh \
  -ABANK30=0F20h-0F6Fh -ABANK31=0FA0h-0FEFh -ABANK32=01020h-0106Fh \
  -ABANK33=010A0h-010EFh -ABANK34=01120h-0116Fh -ABANK35=011A0h-011EFh \
  -ABANK36=01220h-0126Fh -ABANK37=012A0h-012EFh -ABANK38=01320h-0136Fh \
  -ABANK39=013A0h-013EFh -ABANK40=01420h-0146Fh -ABANK41=014A0h-014EFh \
  -ABANK42=01520h-0156Fh -ABANK43=015A0h-015EFh -ABANK44=01620h-0166Fh \
  -ABANK45=016A0h-016EFh -ABANK46=01720h-0176Fh -ABANK47=017A0h-017EFh \
  -ABANK48=01820h-0186Fh -ABANK49=018A0h-018EFh -ABANK50=01920h-0196Fh \
  -ABIGRAM=02000h-02FEFh \
  -ARAM=020h-06Fh,0A0h-0EFh,0120h-016Fh,01A0h-01EFh,0220h-026Fh,02A0h-02EFh,0320h-036Fh,03A0h-03EFh,0420h-046Fh,04A0h-04EFh,0520h-056Fh,05A0h-05EFh,0620h-066Fh,06A0h-06EFh,0720h-076Fh,07A0h-07EFh,0820h-086Fh,08A0h-08EFh,0920h-096Fh,09A0h-09EFh,0A20h-0A6Fh,0AA0h-0AEFh,0B20h-0B6Fh,0BA0h-0BEFh,0C20h-0C6Fh,0CA0h-0CEFh,0D20h-0D6Fh,0DA0h-0DEFh,0E20h-0E6Fh,0EA0h-0EEFh,0F20h-0F6Fh,0FA0h-0FEFh,01020h-0106Fh,010A0h-010EFh,01120h-0116Fh,011A0h-011EFh,01220h-0126Fh,012A0h-012EFh,01320h-0136Fh,013A0h-013EFh,01420h-0146Fh,014A0h-014EFh,01520h-0156Fh,015A0h-015EFh,01620h-0166Fh,016A0h-016EFh,01720h-0176Fh,017A0h-017EFh,01820h-0186Fh,018A0h-018EFh,01920h-0196Fh \
  -AABS1=020h-07Fh,0A0h-0EFh,0120h-016Fh,01A0h-01EFh,0220h-026Fh,02A0h-02EFh,0320h-036Fh,03A0h-03EFh,0420h-046Fh,04A0h-04EFh,0520h-056Fh,05A0h-05EFh,0620h-066Fh,06A0h-06EFh,0720h-076Fh,07A0h-07EFh,0820h-086Fh,08A0h-08EFh,0920h-096Fh,09A0h-09EFh,0A20h-0A6Fh,0AA0h-0AEFh,0B20h-0B6Fh,0BA0h-0BEFh,0C20h-0C6Fh,0CA0h-0CEFh,0D20h-0D6Fh,0DA0h-0DEFh,0E20h-0E6Fh,0EA0h-0EEFh,0F20h-0F6Fh,0FA0h-0FEFh,01020h-0106Fh,010A0h-010EFh,01120h-0116Fh,011A0h-011EFh,01220h-0126Fh,012A0h-012EFh,01320h-0136Fh,013A0h-013EFh,01420h-0146Fh,014A0h-014EFh,01520h-0156Fh,015A0h-015EFh,01620h-0166Fh,016A0h-016EFh,01720h-0176Fh,017A0h-017EFh,01820h-0186Fh,018A0h-018EFh,01920h-0196Fh \
  -ASFR0=00h-01Fh -ASFR1=080h-09Fh -ASFR2=0100h-011Fh -ASFR3=0180h-019Fh \
  -ASFR4=0200h-021Fh -ASFR5=0280h-029Fh -ASFR6=0300h-031Fh \
  -ASFR7=0380h-039Fh -ASFR8=0400h-041Fh -ASFR9=0480h-049Fh \
  -ASFR10=0500h-051Fh -ASFR11=0580h-059Fh -ASFR12=0600h-061Fh \
  -ASFR13=0680h-069Fh -ASFR14=0700h-071Fh -ASFR15=0780h-079Fh \
  -ASFR16=0800h-081Fh -ASFR17=0880h-089Fh -ASFR18=0900h-091Fh \
  -ASFR19=0980h-099Fh -ASFR20=0A00h-0A1Fh -ASFR21=0A80h-0A9Fh \
  -ASFR22=0B00h-0B1Fh -ASFR23=0B80h-0B9Fh -ASFR24=0C00h-0C1Fh \
  -ASFR25=0C80h-0C9Fh -ASFR26=0D00h-0D1Fh -ASFR27=0D80h-0D9Fh \
  -ASFR28=0E00h-0E1Fh -ASFR29=0E80h-0E9Fh -ASFR30=0F00h-0F1Fh \
  -ASFR31=0F80h-0F9Fh -ASFR32=01000h-0101Fh -ASFR33=01080h-0109Fh \
  -ASFR34=01100h-0111Fh -ASFR35=01180h-0119Fh -ASFR36=01200h-0121Fh \
  -ASFR37=01280h-0129Fh -ASFR38=01300h-0131Fh -ASFR39=01380h-0139Fh \
  -ASFR40=01400h-0141Fh -ASFR41=01480h-0149Fh -ASFR42=01500h-0151Fh \
  -ASFR43=01580h-0159Fh -ASFR44=01600h-0161Fh -ASFR45=01680h-0169Fh \
  -ASFR46=01700h-0171Fh -ASFR47=01780h-0179Fh -ASFR48=01800h-0181Fh \
  -ASFR49=01880h-0189Fh -ASFR50=01900h-0191Fh -ASFR51=01980h-019EFh \
  -ASFR52=01A00h-01A6Fh -ASFR53=01A80h-01AEFh -ASFR54=01B00h-01B6Fh \
  -ASFR55=01B80h-01BEFh -ASFR56=01C00h-01C6Fh -ASFR57=01C80h-01CEFh \
  -ASFR58=01D00h-01D6Fh -ASFR59=01D80h-01DEFh -ASFR60=01E00h-01E6Fh \
  -ASFR61=01E80h-01EEFh -ASFR62=01F00h-01F6Fh -ASFR63=01F80h-01FEFh \
  -ACONFIG=08007h-0800Bh -DCONFIG=2 -AIDLOC=08000h-08003h -DIDLOC=2 \
  -AEEDATA=00h-0FFh/0F000h -peeprom_data=EEDATA -DEEDATA=2 -DCODE=2 \
  -DSTRCODE=2 -DSTRING=2 -DCONST=2 -DENTRY=2 \
  -preset_vec=00h,intentry=04h,init,end_init -ppowerup=CODE -pcinit=CODE \
  -pfunctab=ENTRY -k C:\Users\User\AppData\Local\Temp\xcAs12c.o \
  dist/default/production\TemplateAuto.X.production.o 

Object code version is 3.11

Machine type is 16F18877



                Name                               Link     Load   Length Selector   Space Scale
C:\Users\User\AppData\Local\Temp\xcAs12c.o
                end_init                             28       28        2        8       0
                reset_vec                             0        0        2        0       0
                config                             8007     8007        5        0       4
dist/default/production\TemplateAuto.X.production.o
                cinit                                2A       2A       32        8       0
                intentry                              4        4       24        8       0
                config                             8007     8007        5        0       4
                text54                              848      848       1A     1090       0
                text53                             16DC     16DC        4     2DB8       0
                text52                              7FF      7FF        1        8       0
                text51                             16E0     16E0        4     2DC0       0
                text50                              A3C      A3C       39     1478       0
                text49                              92B      92B       35     1256       0
                text48                             176B     176B        F     2ED6       0
                text47                              960      960       36     12C0       0
                text46                             177A     177A        F     2EF4       0
                text45                              9CC      9CC       38     1398       0
                text44                             1789     1789        F     2F12       0
                text43                              A04      A04       38     1408       0
                text42                             1798     1798        F     2F30       0
                text41                              A75      A75       40     14EA       0
                text40                             17EC     17EC       14     2FD8       0
                text39                             16E4     16E4        5     2DC8       0
                text38                             17C7     17C7       12     2F8E       0
                text37                              AF5      AF5       4D     15EA       0
                text35                              808      808       14     1010       0
                text34                              831      831       17     1062       0
                text33                             1701     1701        9     2E02       0
                text32                             170A     170A        9     2E14       0
                text31                             1713     1713        9     2E26       0
                text30                             171C     171C        9     2E38       0
                text29                              8F8      8F8       33     11F0       0
                text28                             1725     1725        9     2E4A       0
                text27                             172E     172E        9     2E5C       0
                text26                             1737     1737        9     2E6E       0
                text25                             1740     1740        9     2E80       0
                text24                             1749     1749        9     2E92       0
                text23                              B42      B42       6D     1684       0
                text22                              800      800        8     1000       0
                text21                             17A7     17A7       10     2F4E       0
                text20                              8CE      8CE       2A     119C       0
                text19                              7C4      7C4       3B        8       0
                text18                             1752     1752        C     2EA4       0
                text17                             16FA     16FA        7     2DF4       0
                text16                              862      862       1F     10C4       0
                text15                               5C       5C      2B0        8       0
                text14                              563      563      1B4        8       0
                text13                              717      717       AD        8       0
                text12                              AB5      AB5       40     156A       0
                text11                              81C      81C       15     1038       0
                text10                             16E9     16E9        5     2DD2       0
                text9                               CA0      CA0       90     1940       0
                text8                               C24      C24       7C     1848       0
                text7                               881      881       24     1102       0
                text6                               30C      30C      257        8       0
                text5                               BAF      BAF       75     175E       0
                text4                              17D9     17D9       13     2FB2       0
                text3                               996      996       36     132C       0
                text2                               D30      D30      161     1A60       0
                text1                               8A5      8A5       29     114A       0
                maintext                            E91      E91      16F     1D22       0
                cstackBANK0                          20       20       4D       20       1
                cstackCOMMON                         76       76        6       70       1
                cstackBANK1                          CE       CE        E       A0       1
                cstackBANK3                         1A0      1A0        C      1A0       1
                clrtext                            16EE     16EE        6     2DDC       0
                inittext                           16F4     16F4        6     2DE8       0
                dataBANK2                           15C      15C       10      120       1
                bssBANK2                            120      120       3C      120       1
                dataBANK1                            DC       DC        D       A0       1
                bssBANK1                             A0       A0       1E       A0       1
                bssCOMMON                            70       70        6       70       1
                stringtext2                        1800     1800        C     3000       0
                stringtext1                        1000     1000       1F     2000       0
                nvBANK1                              BE       BE       10       A0       1
                idataBANK2                         17B7     17B7       10     2F6E       0
                idataBANK1                         175E     175E        D     2EBC       0

TOTAL           Name                               Link     Load   Length     Space
        CLASS   STACK          

        CLASS   CODE           
                end_init                             28       28        2         0
                cinit                                2A       2A       32         0
                intentry                              4        4       24         0
                reset_vec                             0        0        2         0
                text54                              848      848       1A         0
                text53                             16DC     16DC        4         0
                text52                              7FF      7FF        1         0
                text51                             16E0     16E0        4         0
                text50                              A3C      A3C       39         0
                text49                              92B      92B       35         0
                text48                             176B     176B        F         0
                text47                              960      960       36         0
                text46                             177A     177A        F         0
                text45                              9CC      9CC       38         0
                text44                             1789     1789        F         0
                text43                              A04      A04       38         0
                text42                             1798     1798        F         0
                text41                              A75      A75       40         0
                text40                             17EC     17EC       14         0
                text39                             16E4     16E4        5         0
                text38                             17C7     17C7       12         0
                text37                              AF5      AF5       4D         0
                text35                              808      808       14         0
                text34                              831      831       17         0
                text33                             1701     1701        9         0
                text32                             170A     170A        9         0
                text31                             1713     1713        9         0
                text30                             171C     171C        9         0
                text29                              8F8      8F8       33         0
                text28                             1725     1725        9         0
                text27                             172E     172E        9         0
                text26                             1737     1737        9         0
                text25                             1740     1740        9         0
                text24                             1749     1749        9         0
                text23                              B42      B42       6D         0
                text22                              800      800        8         0
                text21                             17A7     17A7       10         0
                text20                              8CE      8CE       2A         0
                text19                              7C4      7C4       3B         0
                text18                             1752     1752        C         0
                text17                             16FA     16FA        7         0
                text16                              862      862       1F         0
                text15                               5C       5C      2B0         0
                text14                              563      563      1B4         0
                text13                              717      717       AD         0
                text12                              AB5      AB5       40         0
                text11                              81C      81C       15         0
                text10                             16E9     16E9        5         0
                text9                               CA0      CA0       90         0
                text8                               C24      C24       7C         0
                text7                               881      881       24         0
                text6                               30C      30C      257         0
                text5                               BAF      BAF       75         0
                text4                              17D9     17D9       13         0
                text3                               996      996       36         0
                text2                               D30      D30      161         0
                text1                               8A5      8A5       29         0
                maintext                            E91      E91      16F         0
                clrtext                            16EE     16EE        6         0
                inittext                           16F4     16F4        6         0
                idataBANK2                         17B7     17B7       10         0
                idataBANK1                         175E     175E        D         0

        CLASS   STRCODE        
                stringtext2                        1800     1800        C         0
                stringtext1                        1000     1000       1F         0

        CLASS   STRING         

        CLASS   CONST          

        CLASS   ENTRY          

        CLASS   COMMON         
                cstackCOMMON                         76       76        6         1
                bssCOMMON                            70       70        6         1

        CLASS   BANK0          
                cstackBANK0                          20       20       4D         1

        CLASS   BANK1          
                cstackBANK1                          CE       CE        E         1
                dataBANK1                            DC       DC        D         1
                bssBANK1                             A0       A0       1E         1
                nvBANK1                              BE       BE       10         1

        CLASS   BANK2          
                dataBANK2                           15C      15C       10         1
                bssBANK2                            120      120       3C         1

        CLASS   BANK3          
                cstackBANK3                         1A0      1A0        C         1

        CLASS   BANK4          

        CLASS   BANK5          

        CLASS   BANK6          

        CLASS   BANK7          

        CLASS   BANK8          

        CLASS   BANK9          

        CLASS   BANK10         

        CLASS   BANK11         

        CLASS   BANK12         

        CLASS   BANK13         

        CLASS   BANK14         

        CLASS   BANK15         

        CLASS   BANK16         

        CLASS   BANK17         

        CLASS   BANK18         

        CLASS   BANK19         

        CLASS   BANK20         

        CLASS   BANK21         

        CLASS   BANK22         

        CLASS   BANK23         

        CLASS   BANK24         

        CLASS   BANK25         

        CLASS   BANK26         

        CLASS   BANK27         

        CLASS   BANK28         

        CLASS   BANK29         

        CLASS   BANK30         

        CLASS   BANK31         

        CLASS   BANK32         

        CLASS   BANK33         

        CLASS   BANK34         

        CLASS   BANK35         

        CLASS   BANK36         

        CLASS   BANK37         

        CLASS   BANK38         

        CLASS   BANK39         

        CLASS   BANK40         

        CLASS   BANK41         

        CLASS   BANK42         

        CLASS   BANK43         

        CLASS   BANK44         

        CLASS   BANK45         

        CLASS   BANK46         

        CLASS   BANK47         

        CLASS   BANK48         

        CLASS   BANK49         

        CLASS   BANK50         

        CLASS   BIGRAM         

        CLASS   RAM            

        CLASS   ABS1           
                abs_s1                               7E       7E        2         1

        CLASS   SFR0           

        CLASS   SFR1           

        CLASS   SFR2           

        CLASS   SFR3           

        CLASS   SFR4           

        CLASS   SFR5           

        CLASS   SFR6           

        CLASS   SFR7           

        CLASS   SFR8           

        CLASS   SFR9           

        CLASS   SFR10          

        CLASS   SFR11          

        CLASS   SFR12          

        CLASS   SFR13          

        CLASS   SFR14          

        CLASS   SFR15          

        CLASS   SFR16          

        CLASS   SFR17          

        CLASS   SFR18          

        CLASS   SFR19          

        CLASS   SFR20          

        CLASS   SFR21          

        CLASS   SFR22          

        CLASS   SFR23          

        CLASS   SFR24          

        CLASS   SFR25          

        CLASS   SFR26          

        CLASS   SFR27          

        CLASS   SFR28          

        CLASS   SFR29          

        CLASS   SFR30          

        CLASS   SFR31          

        CLASS   SFR32          

        CLASS   SFR33          

        CLASS   SFR34          

        CLASS   SFR35          

        CLASS   SFR36          

        CLASS   SFR37          

        CLASS   SFR38          

        CLASS   SFR39          

        CLASS   SFR40          

        CLASS   SFR41          

        CLASS   SFR42          

        CLASS   SFR43          

        CLASS   SFR44          

        CLASS   SFR45          

        CLASS   SFR46          

        CLASS   SFR47          

        CLASS   SFR48          

        CLASS   SFR49          

        CLASS   SFR50          

        CLASS   SFR51          

        CLASS   SFR52          

        CLASS   SFR53          

        CLASS   SFR54          

        CLASS   SFR55          

        CLASS   SFR56          

        CLASS   SFR57          

        CLASS   SFR58          

        CLASS   SFR59          

        CLASS   SFR60          

        CLASS   SFR61          

        CLASS   SFR62          

        CLASS   SFR63          

        CLASS   CONFIG         
                config                             8007     8007        5         4

        CLASS   IDLOC          

        CLASS   EEDATA         

        CLASS   BANK63         

        CLASS   BANK62         

        CLASS   BANK61         

        CLASS   BANK60         

        CLASS   BANK59         

        CLASS   BANK58         

        CLASS   BANK57         

        CLASS   BANK56         

        CLASS   BANK55         

        CLASS   BANK54         

        CLASS   BANK53         

        CLASS   BANK52         

        CLASS   BANK51         



SEGMENTS        Name                           Load    Length   Top    Selector   Space  Class     Delta

                reset_vec                      000000  000002  000002         0       0  CODE        2
                intentry                       000004  0007FC  000800         8       0  CODE        2
                cstackBANK0                    000020  00004D  00006D        20       1  BANK0       1
                bssCOMMON                      000070  00000C  00007C        70       1  COMMON      1
                bssBANK1                       0000A0  000049  0000E9        A0       1  BANK1       1
                bssBANK2                       000120  00004C  00016C       120       1  BANK2       1
                cstackBANK3                    0001A0  00000C  0001AC       1A0       1  BANK3       1
                text22                         000800  000008  000808      1000       0  CODE        2
                text35                         000808  000014  00081C      1010       0  CODE        2
                text11                         00081C  000015  000831      1038       0  CODE        2
                text34                         000831  000017  000848      1062       0  CODE        2
                text54                         000848  00001A  000862      1090       0  CODE        2
                text16                         000862  00001F  000881      10C4       0  CODE        2
                text7                          000881  000024  0008A5      1102       0  CODE        2
                text1                          0008A5  000029  0008CE      114A       0  CODE        2
                text20                         0008CE  00002A  0008F8      119C       0  CODE        2
                text29                         0008F8  000033  00092B      11F0       0  CODE        2
                text49                         00092B  000035  000960      1256       0  CODE        2
                text47                         000960  000036  000996      12C0       0  CODE        2
                text3                          000996  000036  0009CC      132C       0  CODE        2
                text45                         0009CC  000038  000A04      1398       0  CODE        2
                text43                         000A04  000038  000A3C      1408       0  CODE        2
                text50                         000A3C  000039  000A75      1478       0  CODE        2
                text41                         000A75  000040  000AB5      14EA       0  CODE        2
                text12                         000AB5  000040  000AF5      156A       0  CODE        2
                text37                         000AF5  00004D  000B42      15EA       0  CODE        2
                text23                         000B42  00006D  000BAF      1684       0  CODE        2
                text5                          000BAF  000075  000C24      175E       0  CODE        2
                text8                          000C24  00007C  000CA0      1848       0  CODE        2
                text9                          000CA0  000090  000D30      1940       0  CODE        2
                text2                          000D30  000161  000E91      1A60       0  CODE        2
                maintext                       000E91  00016F  001000      1D22       0  CODE        2
                stringtext1                    001000  00001F  00101F      2000       0  STRCODE     2
                text53                         0016DC  000004  0016E0      2DB8       0  CODE        2
                text51                         0016E0  000004  0016E4      2DC0       0  CODE        2
                text39                         0016E4  000005  0016E9      2DC8       0  CODE        2
                text10                         0016E9  000005  0016EE      2DD2       0  CODE        2
                clrtext                        0016EE  000006  0016F4      2DDC       0  CODE        2
                inittext                       0016F4  000006  0016FA      2DE8       0  CODE        2
                text17                         0016FA  000007  001701      2DF4       0  CODE        2
                text33                         001701  000009  00170A      2E02       0  CODE        2
                text32                         00170A  000009  001713      2E14       0  CODE        2
                text31                         001713  000009  00171C      2E26       0  CODE        2
                text30                         00171C  000009  001725      2E38       0  CODE        2
                text28                         001725  000009  00172E      2E4A       0  CODE        2
                text27                         00172E  000009  001737      2E5C       0  CODE        2
                text26                         001737  000009  001740      2E6E       0  CODE        2
                text25                         001740  000009  001749      2E80       0  CODE        2
                text24                         001749  000009  001752      2E92       0  CODE        2
                text18                         001752  00000C  00175E      2EA4       0  CODE        2
                idataBANK1                     00175E  00000D  00176B      2EBC       0  CODE        2
                text48                         00176B  00000F  00177A      2ED6       0  CODE        2
                text46                         00177A  00000F  001789      2EF4       0  CODE        2
                text44                         001789  00000F  001798      2F12       0  CODE        2
                text42                         001798  00000F  0017A7      2F30       0  CODE        2
                text21                         0017A7  000010  0017B7      2F4E       0  CODE        2
                idataBANK2                     0017B7  000010  0017C7      2F6E       0  CODE        2
                text38                         0017C7  000012  0017D9      2F8E       0  CODE        2
                text4                          0017D9  000013  0017EC      2FB2       0  CODE        2
                text40                         0017EC  000014  001800      2FD8       0  CODE        2
                stringtext2                    001800  00000C  00180C      3000       0  STRCODE     2


UNUSED ADDRESS RANGES

        Name                Unused          Largest block    Delta
        BANK0            0006D-0006F               3           1
        BANK1            000E9-000EF               7           1
        BANK10           00520-0056F              50           1
        BANK11           005A0-005EF              50           1
        BANK12           00620-0066F              50           1
        BANK13           006A0-006EF              50           1
        BANK14           00720-0076F              50           1
        BANK15           007A0-007EF              50           1
        BANK16           00820-0086F              50           1
        BANK17           008A0-008EF              50           1
        BANK18           00920-0096F              50           1
        BANK19           009A0-009EF              50           1
        BANK2            0016C-0016F               4           1
        BANK20           00A20-00A6F              50           1
        BANK21           00AA0-00AEF              50           1
        BANK22           00B20-00B6F              50           1
        BANK23           00BA0-00BEF              50           1
        BANK24           00C20-00C6F              50           1
        BANK25           00CA0-00CEF              50           1
        BANK26           00D20-00D6F              50           1
        BANK27           00DA0-00DEF              50           1
        BANK28           00E20-00E6F              50           1
        BANK29           00EA0-00EEF              50           1
        BANK3            001AC-001EF              44           1
        BANK30           00F20-00F6F              50           1
        BANK31           00FA0-00FEF              50           1
        BANK32           01020-0106F              50           1
        BANK33           010A0-010EF              50           1
        BANK34           01120-0116F              50           1
        BANK35           011A0-011EF              50           1
        BANK36           01220-0126F              50           1
        BANK37           012A0-012EF              50           1
        BANK38           01320-0136F              50           1
        BANK39           013A0-013EF              50           1
        BANK4            00220-0026F              50           1
        BANK40           01420-0146F              50           1
        BANK41           014A0-014EF              50           1
        BANK42           01520-0156F              50           1
        BANK43           015A0-015EF              50           1
        BANK44           01620-0166F              50           1
        BANK45           016A0-016EF              50           1
        BANK46           01720-0176F              50           1
        BANK47           017A0-017EF              50           1
        BANK48           01820-0186F              50           1
        BANK49           018A0-018EF              50           1
        BANK5            002A0-002EF              50           1
        BANK50           01920-0196F              50           1
        BANK6            00320-0036F              50           1
        BANK7            003A0-003EF              50           1
        BANK8            00420-0046F              50           1
        BANK9            004A0-004EF              50           1
        BIGRAM           02000-02FEF             FF0           1
        CODE             00002-00003               2           2
                         0101F-016DB             6BD
                         0180C-07FFF             800
        COMMON           0007C-0007D               2           1
        CONST            00002-00003               2           2
                         0101F-016DB             100
                         0180C-07FFF             100
        EEDATA           0F000-0F0FF             100           2
        ENTRY            00002-00003               2           2
                         0101F-016DB             100
                         0180C-07FFF             100
        IDLOC            08000-08003               4           2
        RAM              0006D-0006F               3           1
                         000E9-000EF               7
                         0016C-0016F               4
                         001AC-001EF              44
                         00220-0026F              50
                         002A0-002EF              50
                         00320-0036F              50
                         003A0-003EF              50
                         00420-0046F              50
                         004A0-004EF              50
                         00520-0056F              50
                         005A0-005EF              50
                         00620-0066F              50
                         006A0-006EF              50
                         00720-0076F              50
                         007A0-007EF              50
                         00820-0086F              50
                         008A0-008EF              50
                         00920-0096F              50
                         009A0-009EF              50
                         00A20-00A6F              50
                         00AA0-00AEF              50
                         00B20-00B6F              50
                         00BA0-00BEF              50
                         00C20-00C6F              50
                         00CA0-00CEF              50
                         00D20-00D6F              50
                         00DA0-00DEF              50
                         00E20-00E6F              50
                         00EA0-00EEF              50
                         00F20-00F6F              50
                         00FA0-00FEF              50
                         01020-0106F              50
                         010A0-010EF              50
                         01120-0116F              50
                         011A0-011EF              50
                         01220-0126F              50
                         012A0-012EF              50
                         01320-0136F              50
                         013A0-013EF              50
                         01420-0146F              50
                         014A0-014EF              50
                         01520-0156F              50
                         015A0-015EF              50
                         01620-0166F              50
                         016A0-016EF              50
                         01720-0176F              50
                         017A0-017EF              50
                         01820-0186F              50
                         018A0-018EF              50
                         01920-0196F              50
        SFR0             00000-0001F              20           1
        SFR1             00080-0009F              20           1
        SFR10            00500-0051F              20           1
        SFR11            00580-0059F              20           1
        SFR12            00600-0061F              20           1
        SFR13            00680-0069F              20           1
        SFR14            00700-0071F              20           1
        SFR15            00780-0079F              20           1
        SFR16            00800-0081F              20           1
        SFR17            00880-0089F              20           1
        SFR18            00900-0091F              20           1
        SFR19            00980-0099F              20           1
        SFR2             00100-0011F              20           1
        SFR20            00A00-00A1F              20           1
        SFR21            00A80-00A9F              20           1
        SFR22            00B00-00B1F              20           1
        SFR23            00B80-00B9F              20           1
        SFR24            00C00-00C1F              20           1
        SFR25            00C80-00C9F              20           1
        SFR26            00D00-00D1F              20           1
        SFR27            00D80-00D9F              20           1
        SFR28            00E00-00E1F              20           1
        SFR29            00E80-00E9F              20           1
        SFR3             00180-0019F              20           1
        SFR30            00F00-00F1F              20           1
        SFR31            00F80-00F9F              20           1
        SFR32            01000-0101F              20           1
        SFR33            01080-0109F              20           1
        SFR34            01100-0111F              20           1
        SFR35            01180-0119F              20           1
        SFR36            01200-0121F              20           1
        SFR37            01280-0129F              20           1
        SFR38            01300-0131F              20           1
        SFR39            01380-0139F              20           1
        SFR4             00200-0021F              20           1
        SFR40            01400-0141F              20           1
        SFR41            01480-0149F              20           1
        SFR42            01500-0151F              20           1
        SFR43            01580-0159F              20           1
        SFR44            01600-0161F              20           1
        SFR45            01680-0169F              20           1
        SFR46            01700-0171F              20           1
        SFR47            01780-0179F              20           1
        SFR48            01800-0181F              20           1
        SFR49            01880-0189F              20           1
        SFR5             00280-0029F              20           1
        SFR50            01900-0191F              20           1
        SFR51            01980-019EF              70           1
        SFR52            01A00-01A6F              70           1
        SFR53            01A80-01AEF              70           1
        SFR54            01B00-01B6F              70           1
        SFR55            01B80-01BEF              70           1
        SFR56            01C00-01C6F              70           1
        SFR57            01C80-01CEF              70           1
        SFR58            01D00-01D6F              70           1
        SFR59            01D80-01DEF              70           1
        SFR6             00300-0031F              20           1
        SFR60            01E00-01E6F              70           1
        SFR61            01E80-01EEF              70           1
        SFR62            01F00-01F6F              70           1
        SFR63            01F80-01FEF              70           1
        SFR7             00380-0039F              20           1
        SFR8             00400-0041F              20           1
        SFR9             00480-0049F              20           1
        STACK            020FC-02FEF             EF4           1
        STRCODE          00002-00003               2           2
                         0101F-016DB             6BD
                         0180C-07FFF            67F4
        STRING           00002-00003               2           2
                         0101F-016DB             100
                         0180C-07FFF             100

                                  Symbol Table

?_ADCC_GetSingleConversion                     cstackBANK0  00023
?__Umul8_16                                    cstackBANK0  00023
?___aldiv                                      cstackBANK0  00023
?___almod                                      cstackBANK0  00023
?___fladd                                      cstackBANK0  00065
?___fldiv                                      cstackBANK0  0004B
?___flmul                                      cstackBANK0  00031
?___fltol                                      cstackBANK0  0004B
?___xxtofl                                     cstackBANK0  00023
ADCC_GetSingleConversion@channel               cstackBANK0  00025
EUSART_Read@readValue                          cstackBANK0  00024
EUSART_SetErrorHandler@interruptHandler        cstackBANK0  00023
EUSART_SetFramingErrorHandler@interruptHandler cstackBANK0  00023
EUSART_SetOverrunErrorHandler@interruptHandler cstackBANK0  00023
EUSART_SetRxInterruptHandler@interruptHandler  cstackBANK0  00023
EUSART_Write@txData                            cstackBANK0  00023
IOCCF0_SetInterruptHandler@InterruptHandler    cstackBANK0  00023
IOCCF1_SetInterruptHandler@InterruptHandler    cstackBANK0  00023
IOCCF2_SetInterruptHandler@InterruptHandler    cstackBANK0  00023
IOCCF3_SetInterruptHandler@InterruptHandler    cstackBANK0  00023
PIN_MANAGER_IOC@a                              cstackBANK0  00020
PIN_MANAGER_IOC@b                              cstackBANK0  00021
PIN_MANAGER_IOC@key                            cstackBANK0  00022
Serial_read@count                              cstackBANK0  00028
Serial_read@flag                               cstackBANK0  00026
Serial_read@rcvd                               cstackBANK0  00027
Serial_send@i                                  cstackBANK0  00028
Serial_send@s                                  cstackBANK0  00025
_ADACCH                                        (abs)        00091
_ADACCL                                        (abs)        00090
_ADACQ                                         (abs)        0009D
_ADACT                                         (abs)        00099
_ADCAP                                         (abs)        0009B
_ADCC_GetSingleConversion                      text35       00808
_ADCC_Initialize                               text34       00831
_ADCLK                                         (abs)        00098
_ADCNT                                         (abs)        0010C
_ADCON0                                        (abs)        00093
_ADCON0bits                                    (abs)        00093
_ADCON1                                        (abs)        00094
_ADCON1bits                                    (abs)        00094
_ADCON2                                        (abs)        00095
_ADCON2bits                                    (abs)        00095
_ADCON3                                        (abs)        00096
_ADCON3bits                                    (abs)        00096
_ADERRH                                        (abs)        00117
_ADERRL                                        (abs)        00116
_ADFLTRH                                       (abs)        00115
_ADFLTRL                                       (abs)        00114
_ADLTHH                                        (abs)        0010F
_ADLTHL                                        (abs)        0010E
_ADPCH                                         (abs)        0009E
_ADPRE                                         (abs)        0009C
_ADPREVH                                       (abs)        0008F
_ADPREVL                                       (abs)        0008E
_ADREF                                         (abs)        0009A
_ADRESH                                        (abs)        0008D
_ADRESL                                        (abs)        0008C
_ADRPT                                         (abs)        0010D
_ADSTAT                                        (abs)        00097
_ADSTATbits                                    (abs)        00097
_ADSTPTH                                       (abs)        00113
_ADSTPTL                                       (abs)        00112
_ADUTHH                                        (abs)        00111
_ADUTHL                                        (abs)        00110
_ANSELA                                        (abs)        01F38
_ANSELB                                        (abs)        01F43
_ANSELC                                        (abs)        01F4E
_ANSELD                                        (abs)        01F59
_ANSELE                                        (abs)        01F64
_BAUD1CON                                      (abs)        0011F
_EUSART_DefaultErrorHandler                    text53       016DC
_EUSART_DefaultFramingErrorHandler             text52       007FF
_EUSART_DefaultOverrunErrorHandler             text51       016E0
_EUSART_ErrorHandler                           nvBANK1      000BE
_EUSART_FramingErrorHandler                    nvBANK1      000C2
_EUSART_Initialize                             text29       008F8
_EUSART_OverrunErrorHandler                    nvBANK1      000C0
_EUSART_Read                                   text20       008CE
_EUSART_Receive_ISR                            text50       00A3C
_EUSART_RxDataHandler                          text54       00848
_EUSART_RxDefaultInterruptHandler              nvBANK1      000C4
_EUSART_SetErrorHandler                        text33       01701
_EUSART_SetFramingErrorHandler                 text32       0170A
_EUSART_SetOverrunErrorHandler                 text31       01713
_EUSART_SetRxInterruptHandler                  text30       0171C
_EUSART_Write                                  text18       01752
_INLVLA                                        (abs)        01F3C
_INLVLB                                        (abs)        01F47
_INLVLC                                        (abs)        01F52
_INLVLD                                        (abs)        01F5D
_INLVLE                                        (abs)        01F68
_INTCONbits                                    (abs)        0000B
_INTERRUPT_InterruptManager                    intentry     00004
_IOCCF0_DefaultInterruptHandler                text49       0092B
_IOCCF0_ISR                                    text48       0176B
_IOCCF0_InterruptHandler                       nvBANK1      000CC
_IOCCF0_SetInterruptHandler                    text27       0172E
_IOCCF1_DefaultInterruptHandler                text47       00960
_IOCCF1_ISR                                    text46       0177A
_IOCCF1_InterruptHandler                       nvBANK1      000CA
_IOCCF1_SetInterruptHandler                    text26       01737
_IOCCF2_DefaultInterruptHandler                text45       009CC
_IOCCF2_ISR                                    text44       01789
_IOCCF2_InterruptHandler                       nvBANK1      000C8
_IOCCF2_SetInterruptHandler                    text25       01740
_IOCCF3_DefaultInterruptHandler                text43       00A04
_IOCCF3_ISR                                    text42       01798
_IOCCF3_InterruptHandler                       nvBANK1      000C6
_IOCCF3_SetInterruptHandler                    text24       01749
_IOCCFbits                                     (abs)        01F55
_IOCCNbits                                     (abs)        01F54
_IOCCPbits                                     (abs)        01F53
_LATA                                          (abs)        00016
_LATB                                          (abs)        00017
_LATBbits                                      (abs)        00017
_LATC                                          (abs)        00018
_LATD                                          (abs)        00019
_LATDbits                                      (abs)        00019
_LATE                                          (abs)        0001A
_ODCONA                                        (abs)        01F3A
_ODCONB                                        (abs)        01F45
_ODCONC                                        (abs)        01F50
_ODCOND                                        (abs)        01F5B
_ODCONE                                        (abs)        01F66
_OSCCON1                                       (abs)        0088D
_OSCCON3                                       (abs)        0088F
_OSCEN                                         (abs)        00891
_OSCFRQ                                        (abs)        00893
_OSCILLATOR_Initialize                         text28       01725
_OSCTUNE                                       (abs)        00892
_PIE0bits                                      (abs)        00716
_PIE3bits                                      (abs)        00719
_PIN_MANAGER_IOC                               text37       00AF5
_PIN_MANAGER_Initialize                        text23       00B42
_PIR0bits                                      (abs)        0070C
_PIR3bits                                      (abs)        0070F
_PMD0                                          (abs)        00796
_PMD1                                          (abs)        00797
_PMD2                                          (abs)        00798
_PMD3                                          (abs)        00799
_PMD4                                          (abs)        0079A
_PMD5                                          (abs)        0079B
_PMD_Initialize                                text22       00800
_PORTBbits                                     (abs)        0000D
_PORTCbits                                     (abs)        0000E
_RC1REG                                        (abs)        00119
_RC1STA                                        (abs)        0011D
_RC1STAbits                                    (abs)        0011D
_RC6PPS                                        (abs)        01F26
_RD4                                           (abs)        0007C
_RD5                                           (abs)        0007D
_RD6                                           (abs)        0007E
_RD7                                           (abs)        0007F
_RE0                                           (abs)        00080
_RE1                                           (abs)        00081
_RXPPS                                         (abs)        01ECB
_Rcvd_string                                   bssBANK2     0013E
_SLRCONA                                       (abs)        01F3B
_SLRCONB                                       (abs)        01F46
_SLRCONC                                       (abs)        01F51
_SLRCOND                                       (abs)        01F5C
_SLRCONE                                       (abs)        01F67
_SP1BRGH                                       (abs)        0011C
_SP1BRGL                                       (abs)        0011B
_SYSTEM_Initialize                             text21       017A7
_Serial_read                                   text19       007C4
_Serial_send                                   text16       00862
_TRISA                                         (abs)        00011
_TRISB                                         (abs)        00012
_TRISC                                         (abs)        00013
_TRISD                                         (abs)        00014
_TRISE                                         (abs)        00015
_TX1REG                                        (abs)        0011A
_TX1STA                                        (abs)        0011E
_TX1STAbits                                    (abs)        0011E
_WPUA                                          (abs)        01F39
_WPUB                                          (abs)        01F44
_WPUC                                          (abs)        01F4F
_WPUD                                          (abs)        01F5A
_WPUE                                          (abs)        01F65
__Habs1                                        abs1         00000
__Hbank0                                       bank0        00000
__Hbank1                                       bank1        00000
__Hbank10                                      bank10       00000
__Hbank11                                      bank11       00000
__Hbank12                                      bank12       00000
__Hbank13                                      bank13       00000
__Hbank14                                      bank14       00000
__Hbank15                                      bank15       00000
__Hbank16                                      bank16       00000
__Hbank17                                      bank17       00000
__Hbank18                                      bank18       00000
__Hbank19                                      bank19       00000
__Hbank2                                       bank2        00000
__Hbank20                                      bank20       00000
__Hbank21                                      bank21       00000
__Hbank22                                      bank22       00000
__Hbank23                                      bank23       00000
__Hbank24                                      bank24       00000
__Hbank25                                      bank25       00000
__Hbank26                                      bank26       00000
__Hbank27                                      bank27       00000
__Hbank28                                      bank28       00000
__Hbank29                                      bank29       00000
__Hbank3                                       bank3        00000
__Hbank30                                      bank30       00000
__Hbank31                                      bank31       00000
__Hbank32                                      bank32       00000
__Hbank33                                      bank33       00000
__Hbank34                                      bank34       00000
__Hbank35                                      bank35       00000
__Hbank36                                      bank36       00000
__Hbank37                                      bank37       00000
__Hbank38                                      bank38       00000
__Hbank39                                      bank39       00000
__Hbank4                                       bank4        00000
__Hbank40                                      bank40       00000
__Hbank41                                      bank41       00000
__Hbank42                                      bank42       00000
__Hbank43                                      bank43       00000
__Hbank44                                      bank44       00000
__Hbank45                                      bank45       00000
__Hbank46                                      bank46       00000
__Hbank47                                      bank47       00000
__Hbank48                                      bank48       00000
__Hbank49                                      bank49       00000
__Hbank5                                       bank5        00000
__Hbank50                                      bank50       00000
__Hbank51                                      bank51       00000
__Hbank52                                      bank52       00000
__Hbank53                                      bank53       00000
__Hbank54                                      bank54       00000
__Hbank55                                      bank55       00000
__Hbank56                                      bank56       00000
__Hbank57                                      bank57       00000
__Hbank58                                      bank58       00000
__Hbank59                                      bank59       00000
__Hbank6                                       bank6        00000
__Hbank60                                      bank60       00000
__Hbank61                                      bank61       00000
__Hbank62                                      bank62       00000
__Hbank63                                      bank63       00000
__Hbank7                                       bank7        00000
__Hbank8                                       bank8        00000
__Hbank9                                       bank9        00000
__Hbigram                                      bigram       00000
__HbssBANK1                                    bssBANK1     00000
__HbssBANK2                                    bssBANK2     00000
__HbssCOMMON                                   bssCOMMON    00000
__Hcinit                                       cinit        0005C
__Hclrtext                                     clrtext      00000
__Hcode                                        code         00000
__Hcommon                                      common       00000
__Hconfig                                      config       0800C
__HcstackBANK0                                 cstackBANK0  00000
__HcstackBANK1                                 cstackBANK1  00000
__HcstackBANK3                                 cstackBANK3  00000
__HcstackCOMMON                                cstackCOMMON 00000
__HdataBANK1                                   dataBANK1    00000
__HdataBANK2                                   dataBANK2    00000
__Heeprom_data                                 eeprom_data  00000
__Hend_init                                    end_init     0002A
__Hfunctab                                     functab      00000
__HidataBANK1                                  idataBANK1   00000
__HidataBANK2                                  idataBANK2   00000
__Hinit                                        init         00028
__Hinittext                                    inittext     00000
__Hintentry                                    intentry     00028
__Hmaintext                                    maintext     00000
__HnvBANK1                                     nvBANK1      00000
__Hpowerup                                     powerup      00000
__Hram                                         ram          00000
__Hreset_vec                                   reset_vec    00002
__Hsfr0                                        sfr0         00000
__Hsfr1                                        sfr1         00000
__Hsfr10                                       sfr10        00000
__Hsfr11                                       sfr11        00000
__Hsfr12                                       sfr12        00000
__Hsfr13                                       sfr13        00000
__Hsfr14                                       sfr14        00000
__Hsfr15                                       sfr15        00000
__Hsfr16                                       sfr16        00000
__Hsfr17                                       sfr17        00000
__Hsfr18                                       sfr18        00000
__Hsfr19                                       sfr19        00000
__Hsfr2                                        sfr2         00000
__Hsfr20                                       sfr20        00000
__Hsfr21                                       sfr21        00000
__Hsfr22                                       sfr22        00000
__Hsfr23                                       sfr23        00000
__Hsfr24                                       sfr24        00000
__Hsfr25                                       sfr25        00000
__Hsfr26                                       sfr26        00000
__Hsfr27                                       sfr27        00000
__Hsfr28                                       sfr28        00000
__Hsfr29                                       sfr29        00000
__Hsfr3                                        sfr3         00000
__Hsfr30                                       sfr30        00000
__Hsfr31                                       sfr31        00000
__Hsfr32                                       sfr32        00000
__Hsfr33                                       sfr33        00000
__Hsfr34                                       sfr34        00000
__Hsfr35                                       sfr35        00000
__Hsfr36                                       sfr36        00000
__Hsfr37                                       sfr37        00000
__Hsfr38                                       sfr38        00000
__Hsfr39                                       sfr39        00000
__Hsfr4                                        sfr4         00000
__Hsfr40                                       sfr40        00000
__Hsfr41                                       sfr41        00000
__Hsfr42                                       sfr42        00000
__Hsfr43                                       sfr43        00000
__Hsfr44                                       sfr44        00000
__Hsfr45                                       sfr45        00000
__Hsfr46                                       sfr46        00000
__Hsfr47                                       sfr47        00000
__Hsfr48                                       sfr48        00000
__Hsfr49                                       sfr49        00000
__Hsfr5                                        sfr5         00000
__Hsfr50                                       sfr50        00000
__Hsfr51                                       sfr51        00000
__Hsfr52                                       sfr52        00000
__Hsfr53                                       sfr53        00000
__Hsfr54                                       sfr54        00000
__Hsfr55                                       sfr55        00000
__Hsfr56                                       sfr56        00000
__Hsfr57                                       sfr57        00000
__Hsfr58                                       sfr58        00000
__Hsfr59                                       sfr59        00000
__Hsfr6                                        sfr6         00000
__Hsfr60                                       sfr60        00000
__Hsfr61                                       sfr61        00000
__Hsfr62                                       sfr62        00000
__Hsfr63                                       sfr63        00000
__Hsfr7                                        sfr7         00000
__Hsfr8                                        sfr8         00000
__Hsfr9                                        sfr9         00000
__Hspace_0                                     (abs)        0180C
__Hspace_1                                     (abs)        001AC
__Hspace_2                                     (abs)        00000
__Hspace_3                                     (abs)        00000
__Hspace_4                                     (abs)        10013
__Hstack                                       stack        00000
__Hstrings                                     strings      00000
__Hstringtext1                                 stringtext1  00000
__Hstringtext2                                 stringtext2  00000
__Hstringtext3                                 stringtext3  00000
__Htext                                        text         00000
__Labs1                                        abs1         00000
__Lbank0                                       bank0        00000
__Lbank1                                       bank1        00000
__Lbank10                                      bank10       00000
__Lbank11                                      bank11       00000
__Lbank12                                      bank12       00000
__Lbank13                                      bank13       00000
__Lbank14                                      bank14       00000
__Lbank15                                      bank15       00000
__Lbank16                                      bank16       00000
__Lbank17                                      bank17       00000
__Lbank18                                      bank18       00000
__Lbank19                                      bank19       00000
__Lbank2                                       bank2        00000
__Lbank20                                      bank20       00000
__Lbank21                                      bank21       00000
__Lbank22                                      bank22       00000
__Lbank23                                      bank23       00000
__Lbank24                                      bank24       00000
__Lbank25                                      bank25       00000
__Lbank26                                      bank26       00000
__Lbank27                                      bank27       00000
__Lbank28                                      bank28       00000
__Lbank29                                      bank29       00000
__Lbank3                                       bank3        00000
__Lbank30                                      bank30       00000
__Lbank31                                      bank31       00000
__Lbank32                                      bank32       00000
__Lbank33                                      bank33       00000
__Lbank34                                      bank34       00000
__Lbank35                                      bank35       00000
__Lbank36                                      bank36       00000
__Lbank37                                      bank37       00000
__Lbank38                                      bank38       00000
__Lbank39                                      bank39       00000
__Lbank4                                       bank4        00000
__Lbank40                                      bank40       00000
__Lbank41                                      bank41       00000
__Lbank42                                      bank42       00000
__Lbank43                                      bank43       00000
__Lbank44                                      bank44       00000
__Lbank45                                      bank45       00000
__Lbank46                                      bank46       00000
__Lbank47                                      bank47       00000
__Lbank48                                      bank48       00000
__Lbank49                                      bank49       00000
__Lbank5                                       bank5        00000
__Lbank50                                      bank50       00000
__Lbank51                                      bank51       00000
__Lbank52                                      bank52       00000
__Lbank53                                      bank53       00000
__Lbank54                                      bank54       00000
__Lbank55                                      bank55       00000
__Lbank56                                      bank56       00000
__Lbank57                                      bank57       00000
__Lbank58                                      bank58       00000
__Lbank59                                      bank59       00000
__Lbank6                                       bank6        00000
__Lbank60                                      bank60       00000
__Lbank61                                      bank61       00000
__Lbank62                                      bank62       00000
__Lbank63                                      bank63       00000
__Lbank7                                       bank7        00000
__Lbank8                                       bank8        00000
__Lbank9                                       bank9        00000
__Lbigram                                      bigram       00000
__LbssBANK1                                    bssBANK1     00000
__LbssBANK2                                    bssBANK2     00000
__LbssCOMMON                                   bssCOMMON    00000
__Lcinit                                       cinit        0002A
__Lclrtext                                     clrtext      00000
__Lcode                                        code         00000
__Lcommon                                      common       00000
__Lconfig                                      config       00000
__LcstackBANK0                                 cstackBANK0  00000
__LcstackBANK1                                 cstackBANK1  00000
__LcstackBANK3                                 cstackBANK3  00000
__LcstackCOMMON                                cstackCOMMON 00000
__LdataBANK1                                   dataBANK1    00000
__LdataBANK2                                   dataBANK2    00000
__Leeprom_data                                 eeprom_data  00000
__Lend_init                                    end_init     00028
__Lfunctab                                     functab      00000
__LidataBANK1                                  idataBANK1   00000
__LidataBANK2                                  idataBANK2   00000
__Linit                                        init         00028
__Linittext                                    inittext     00000
__Lintentry                                    intentry     00004
__Lmaintext                                    maintext     00000
__LnvBANK1                                     nvBANK1      00000
__Lpowerup                                     powerup      00000
__Lram                                         ram          00000
__Lreset_vec                                   reset_vec    00000
__Lsfr0                                        sfr0         00000
__Lsfr1                                        sfr1         00000
__Lsfr10                                       sfr10        00000
__Lsfr11                                       sfr11        00000
__Lsfr12                                       sfr12        00000
__Lsfr13                                       sfr13        00000
__Lsfr14                                       sfr14        00000
__Lsfr15                                       sfr15        00000
__Lsfr16                                       sfr16        00000
__Lsfr17                                       sfr17        00000
__Lsfr18                                       sfr18        00000
__Lsfr19                                       sfr19        00000
__Lsfr2                                        sfr2         00000
__Lsfr20                                       sfr20        00000
__Lsfr21                                       sfr21        00000
__Lsfr22                                       sfr22        00000
__Lsfr23                                       sfr23        00000
__Lsfr24                                       sfr24        00000
__Lsfr25                                       sfr25        00000
__Lsfr26                                       sfr26        00000
__Lsfr27                                       sfr27        00000
__Lsfr28                                       sfr28        00000
__Lsfr29                                       sfr29        00000
__Lsfr3                                        sfr3         00000
__Lsfr30                                       sfr30        00000
__Lsfr31                                       sfr31        00000
__Lsfr32                                       sfr32        00000
__Lsfr33                                       sfr33        00000
__Lsfr34                                       sfr34        00000
__Lsfr35                                       sfr35        00000
__Lsfr36                                       sfr36        00000
__Lsfr37                                       sfr37        00000
__Lsfr38                                       sfr38        00000
__Lsfr39                                       sfr39        00000
__Lsfr4                                        sfr4         00000
__Lsfr40                                       sfr40        00000
__Lsfr41                                       sfr41        00000
__Lsfr42                                       sfr42        00000
__Lsfr43                                       sfr43        00000
__Lsfr44                                       sfr44        00000
__Lsfr45                                       sfr45        00000
__Lsfr46                                       sfr46        00000
__Lsfr47                                       sfr47        00000
__Lsfr48                                       sfr48        00000
__Lsfr49                                       sfr49        00000
__Lsfr5                                        sfr5         00000
__Lsfr50                                       sfr50        00000
__Lsfr51                                       sfr51        00000
__Lsfr52                                       sfr52        00000
__Lsfr53                                       sfr53        00000
__Lsfr54                                       sfr54        00000
__Lsfr55                                       sfr55        00000
__Lsfr56                                       sfr56        00000
__Lsfr57                                       sfr57        00000
__Lsfr58                                       sfr58        00000
__Lsfr59                                       sfr59        00000
__Lsfr6                                        sfr6         00000
__Lsfr60                                       sfr60        00000
__Lsfr61                                       sfr61        00000
__Lsfr62                                       sfr62        00000
__Lsfr63                                       sfr63        00000
__Lsfr7                                        sfr7         00000
__Lsfr8                                        sfr8         00000
__Lsfr9                                        sfr9         00000
__Lspace_0                                     (abs)        00000
__Lspace_1                                     (abs)        00000
__Lspace_2                                     (abs)        00000
__Lspace_3                                     (abs)        00000
__Lspace_4                                     (abs)        00000
__Lstack                                       stack        00000
__Lstrings                                     strings      00000
__Lstringtext1                                 stringtext1  00000
__Lstringtext2                                 stringtext2  00000
__Lstringtext3                                 stringtext3  00000
__Ltext                                        text         00000
__S0                                           (abs)        0180C
__S1                                           (abs)        001AC
__S2                                           (abs)        00000
__S3                                           (abs)        00000
__Umul8_16                                     text7        00881
__Umul8_16@multiplicand                        cstackBANK0  00023
__Umul8_16@multiplier                          cstackBANK0  0002B
__Umul8_16@product                             cstackBANK0  00027
__Umul8_16@word_mpld                           cstackBANK0  00029
___aldiv                                       text9        00CA0
___aldiv@counter                               cstackBANK0  0002C
___aldiv@dividend                              cstackBANK0  00027
___aldiv@divisor                               cstackBANK0  00023
___aldiv@quotient                              cstackBANK0  0002E
___aldiv@sign                                  cstackBANK0  0002D
___almod                                       text8        00C24
___almod@counter                               cstackBANK0  0002C
___almod@dividend                              cstackBANK0  00027
___almod@divisor                               cstackBANK0  00023
___almod@sign                                  cstackBANK0  0002D
___fladd                                       text15       0005C
___fladd@a                                     cstackBANK0  00069
___fladd@aexp                                  cstackBANK1  000D7
___fladd@b                                     cstackBANK0  00065
___fladd@bexp                                  cstackBANK1  000D8
___fladd@grs                                   cstackBANK1  000D9
___fladd@signs                                 cstackBANK1  000D6
___fldiv                                       text14       00563
___fldiv@a                                     cstackBANK0  0004B
___fldiv@aexp                                  cstackBANK0  00064
___fldiv@b                                     cstackBANK0  0004F
___fldiv@bexp                                  cstackBANK0  00063
___fldiv@grs                                   cstackBANK0  0005F
___fldiv@new_exp                               cstackBANK0  0005D
___fldiv@rem                                   cstackBANK0  00058
___fldiv@sign                                  cstackBANK0  0005C
___flmul                                       text6        0030C
___flmul@a                                     cstackBANK0  00035
___flmul@aexp                                  cstackBANK0  0003F
___flmul@b                                     cstackBANK0  00031
___flmul@bexp                                  cstackBANK0  00044
___flmul@grs                                   cstackBANK0  00040
___flmul@prod                                  cstackBANK0  00045
___flmul@sign                                  cstackBANK0  0003E
___flmul@temp                                  cstackBANK0  00049
___fltol                                       text5        00BAF
___fltol@exp1                                  cstackBANK0  00055
___fltol@f1                                    cstackBANK0  0004B
___fltol@sign1                                 cstackBANK0  00054
___int_sp                                      stack        00000
___latbits                                     (abs)        00004
___sp                                          stack        00000
___stackhi                                     (abs)        02FEF
___stacklo                                     (abs)        020FC
___xxtofl                                      text13       00717
___xxtofl@arg                                  cstackBANK0  0002D
___xxtofl@exp                                  cstackBANK0  0002C
___xxtofl@sign                                 cstackBANK0  0002B
___xxtofl@val                                  cstackBANK0  00023
__end_of_ADCC_GetSingleConversion              text35       0081C
__end_of_ADCC_Initialize                       text34       00848
__end_of_EUSART_DefaultErrorHandler            text53       016E0
__end_of_EUSART_DefaultFramingErrorHandler     text52       00800
__end_of_EUSART_DefaultOverrunErrorHandler     text51       016E4
__end_of_EUSART_Initialize                     text29       0092B
__end_of_EUSART_Read                           text20       008F8
__end_of_EUSART_Receive_ISR                    text50       00A75
__end_of_EUSART_RxDataHandler                  text54       00862
__end_of_EUSART_SetErrorHandler                text33       0170A
__end_of_EUSART_SetFramingErrorHandler         text32       01713
__end_of_EUSART_SetOverrunErrorHandler         text31       0171C
__end_of_EUSART_SetRxInterruptHandler          text30       01725
__end_of_EUSART_Write                          text18       0175E
__end_of_INTERRUPT_InterruptManager            intentry     00028
__end_of_IOCCF0_DefaultInterruptHandler        text49       00960
__end_of_IOCCF0_ISR                            text48       0177A
__end_of_IOCCF0_SetInterruptHandler            text27       01737
__end_of_IOCCF1_DefaultInterruptHandler        text47       00996
__end_of_IOCCF1_ISR                            text46       01789
__end_of_IOCCF1_SetInterruptHandler            text26       01740
__end_of_IOCCF2_DefaultInterruptHandler        text45       00A04
__end_of_IOCCF2_ISR                            text44       01798
__end_of_IOCCF2_SetInterruptHandler            text25       01749
__end_of_IOCCF3_DefaultInterruptHandler        text43       00A3C
__end_of_IOCCF3_ISR                            text42       017A7
__end_of_IOCCF3_SetInterruptHandler            text24       01752
__end_of_OSCILLATOR_Initialize                 text28       0172E
__end_of_PIN_MANAGER_IOC                       text37       00B42
__end_of_PIN_MANAGER_Initialize                text23       00BAF
__end_of_PMD_Initialize                        text22       00808
__end_of_SYSTEM_Initialize                     text21       017B7
__end_of_Serial_read                           text19       007FF
__end_of_Serial_send                           text16       00881
__end_of__Umul8_16                             text7        008A5
__end_of___aldiv                               text9        00D30
__end_of___almod                               text8        00CA0
__end_of___fladd                               text15       0030C
__end_of___fldiv                               text14       00717
__end_of___flmul                               text6        00563
__end_of___fltol                               text5        00C24
__end_of___xxtofl                              text13       007C4
__end_of__initialization                       cinit        00058
__end_of_clear_display                         text10       016EE
__end_of_display_float                         text2        00E91
__end_of_lcd_display                           text3        009CC
__end_of_lcd_init                              text1        008CE
__end_of_main                                  maintext     01000
__end_of_putch                                 text17       01701
__end_of_send_command                          text11       00831
__end_of_send_data                             text4        017EC
__end_of_sub_data_command                      text12       00AF5
__end_ofi1_clear_display                       text39       016E9
__end_ofi1_send_command                        text40       01800
__end_ofi1_send_data                           text38       017D9
__end_ofi1_sub_data_command                    text41       00AB5
__initialization                               cinit        0002A
__pbssBANK1                                    bssBANK1     000A0
__pbssBANK2                                    bssBANK2     00120
__pbssCOMMON                                   bssCOMMON    00070
__pcstackBANK0                                 cstackBANK0  00020
__pcstackBANK1                                 cstackBANK1  000CE
__pcstackBANK3                                 cstackBANK3  001A0
__pcstackCOMMON                                cstackCOMMON 00076
__pdataBANK1                                   dataBANK1    000DC
__pdataBANK2                                   dataBANK2    0015C
__pidataBANK1                                  idataBANK1   0175E
__pidataBANK2                                  idataBANK2   017B7
__pintentry                                    intentry     00004
__pmaintext                                    maintext     00E91
__pnvBANK1                                     nvBANK1      000BE
__pstringtext1                                 stringtext1  01000
__pstringtext2                                 stringtext2  01800
__pstringtext3                                 stringtext3  00000
__ptext1                                       text1        008A5
__ptext10                                      text10       016E9
__ptext11                                      text11       0081C
__ptext12                                      text12       00AB5
__ptext13                                      text13       00717
__ptext14                                      text14       00563
__ptext15                                      text15       0005C
__ptext16                                      text16       00862
__ptext17                                      text17       016FA
__ptext18                                      text18       01752
__ptext19                                      text19       007C4
__ptext2                                       text2        00D30
__ptext20                                      text20       008CE
__ptext21                                      text21       017A7
__ptext22                                      text22       00800
__ptext23                                      text23       00B42
__ptext24                                      text24       01749
__ptext25                                      text25       01740
__ptext26                                      text26       01737
__ptext27                                      text27       0172E
__ptext28                                      text28       01725
__ptext29                                      text29       008F8
__ptext3                                       text3        00996
__ptext30                                      text30       0171C
__ptext31                                      text31       01713
__ptext32                                      text32       0170A
__ptext33                                      text33       01701
__ptext34                                      text34       00831
__ptext35                                      text35       00808
__ptext37                                      text37       00AF5
__ptext38                                      text38       017C7
__ptext39                                      text39       016E4
__ptext4                                       text4        017D9
__ptext40                                      text40       017EC
__ptext41                                      text41       00A75
__ptext42                                      text42       01798
__ptext43                                      text43       00A04
__ptext44                                      text44       01789
__ptext45                                      text45       009CC
__ptext46                                      text46       0177A
__ptext47                                      text47       00960
__ptext48                                      text48       0176B
__ptext49                                      text49       0092B
__ptext5                                       text5        00BAF
__ptext50                                      text50       00A3C
__ptext51                                      text51       016E0
__ptext52                                      text52       007FF
__ptext53                                      text53       016DC
__ptext54                                      text54       00848
__ptext6                                       text6        0030C
__ptext7                                       text7        00881
__ptext8                                       text8        00C24
__ptext9                                       text9        00CA0
__size_of_ADCC_GetSingleConversion             (abs)        00000
__size_of_ADCC_Initialize                      (abs)        00000
__size_of_EUSART_DefaultErrorHandler           (abs)        00000
__size_of_EUSART_DefaultFramingErrorHandler    (abs)        00000
__size_of_EUSART_DefaultOverrunErrorHandler    (abs)        00000
__size_of_EUSART_Initialize                    (abs)        00000
__size_of_EUSART_Read                          (abs)        00000
__size_of_EUSART_Receive_ISR                   (abs)        00000
__size_of_EUSART_RxDataHandler                 (abs)        00000
__size_of_EUSART_SetErrorHandler               (abs)        00000
__size_of_EUSART_SetFramingErrorHandler        (abs)        00000
__size_of_EUSART_SetOverrunErrorHandler        (abs)        00000
__size_of_EUSART_SetRxInterruptHandler         (abs)        00000
__size_of_EUSART_Write                         (abs)        00000
__size_of_INTERRUPT_InterruptManager           (abs)        00000
__size_of_IOCCF0_DefaultInterruptHandler       (abs)        00000
__size_of_IOCCF0_ISR                           (abs)        00000
__size_of_IOCCF0_SetInterruptHandler           (abs)        00000
__size_of_IOCCF1_DefaultInterruptHandler       (abs)        00000
__size_of_IOCCF1_ISR                           (abs)        00000
__size_of_IOCCF1_SetInterruptHandler           (abs)        00000
__size_of_IOCCF2_DefaultInterruptHandler       (abs)        00000
__size_of_IOCCF2_ISR                           (abs)        00000
__size_of_IOCCF2_SetInterruptHandler           (abs)        00000
__size_of_IOCCF3_DefaultInterruptHandler       (abs)        00000
__size_of_IOCCF3_ISR                           (abs)        00000
__size_of_IOCCF3_SetInterruptHandler           (abs)        00000
__size_of_OSCILLATOR_Initialize                (abs)        00000
__size_of_PIN_MANAGER_IOC                      (abs)        00000
__size_of_PIN_MANAGER_Initialize               (abs)        00000
__size_of_PMD_Initialize                       (abs)        00000
__size_of_SYSTEM_Initialize                    (abs)        00000
__size_of_Serial_read                          (abs)        00000
__size_of_Serial_send                          (abs)        00000
__size_of__Umul8_16                            (abs)        00000
__size_of___aldiv                              (abs)        00000
__size_of___almod                              (abs)        00000
__size_of___fladd                              (abs)        00000
__size_of___fldiv                              (abs)        00000
__size_of___flmul                              (abs)        00000
__size_of___fltol                              (abs)        00000
__size_of___xxtofl                             (abs)        00000
__size_of_clear_display                        (abs)        00000
__size_of_display_float                        (abs)        00000
__size_of_lcd_display                          (abs)        00000
__size_of_lcd_init                             (abs)        00000
__size_of_main                                 (abs)        00000
__size_of_putch                                (abs)        00000
__size_of_send_command                         (abs)        00000
__size_of_send_data                            (abs)        00000
__size_of_sub_data_command                     (abs)        00000
__size_ofi1_clear_display                      (abs)        00000
__size_ofi1_send_command                       (abs)        00000
__size_ofi1_send_data                          (abs)        00000
__size_ofi1_sub_data_command                   (abs)        00000
_clear_display                                 text10       016E9
_col                                           bssCOMMON    00074
_display_float                                 text2        00D30
_eusartRxBuffer                                bssBANK2     00120
_eusartRxCount                                 bssCOMMON    00073
_eusartRxHead                                  bssCOMMON    00072
_eusartRxLastError                             bssCOMMON    00070
_eusartRxStatusBuffer                          bssBANK1     000A0
_eusartRxTail                                  bssCOMMON    00071
_keypad                                        dataBANK2    0015C
_lcd_display                                   text3        00996
_lcd_init                                      text1        008A5
_main                                          maintext     00E91
_main$1827                                     cstackBANK3  001A2
_putch                                         text17       016FA
_row                                           bssCOMMON    00075
_send_command                                  text11       0081C
_send_data                                     text4        017D9
_sub_data_command                              text12       00AB5
btemp                                          (abs)        0007E
clear_ram0                                     clrtext      016EE
display_float@F12173                           dataBANK1    000DC
display_float@digit5                           cstackBANK0  00063
display_float@floatnum                         cstackBANK0  00056
display_float@str                              cstackBANK0  0005B
display_int@F12167                             dataBANK1    000E4
end_of_initialization                          cinit        00058
i1_clear_display                               text39       016E4
i1_send_command                                text40       017EC
i1_send_data                                   text38       017C7
i1_sub_data_command                            text41       00A75
i1send_command@command_                        cstackCOMMON 00079
i1send_data@data_                              cstackCOMMON 00079
i1sub_data_command@value                       cstackCOMMON 00077
init_ram                                       inittext     016F4
int$flags                                      (abs)        0007E
intlevel0                                      functab      00000
intlevel1                                      functab      00000
intlevel2                                      functab      00000
intlevel3                                      functab      00000
intlevel4                                      functab      00000
intlevel5                                      functab      00000
lcd_display@display                            cstackBANK0  00027
lcd_display@i                                  cstackBANK0  0002A
main@resultthree                               cstackBANK3  001A0
main@resulttwo                                 cstackBANK3  001AA
main@v                                         cstackBANK3  001A6
putch@txData                                   cstackBANK0  00024
reset_vec                                      reset_vec    00000
send_command@command_                          cstackBANK0  00026
send_data@data_                                cstackBANK0  00026
start                                          init         00028
start_initialization                           cinit        0002A
sub_data_command@value                         cstackBANK0  00024
wtemp0                                         (abs)        0007E


MODULE INFORMATION

Module		Function		Class		Link	Load	Size
D:\Study\Microchip\xc8\v2.32\pic\sources\c99\common\almod.c
		___almod       		CODE           	0C24	0000	124

D:\Study\Microchip\xc8\v2.32\pic\sources\c99\common\almod.c estimated size: 124

D:\Study\Microchip\xc8\v2.32\pic\sources\c99\common\sprcmul.c
		___flmul       		CODE           	030C	0000	599

D:\Study\Microchip\xc8\v2.32\pic\sources\c99\common\sprcmul.c estimated size: 599

D:\Study\Microchip\xc8\v2.32\pic\sources\c99\common\xxtofl.c
		___xxtofl      		CODE           	0717	0000	173

D:\Study\Microchip\xc8\v2.32\pic\sources\c99\common\xxtofl.c estimated size: 173

D:\Study\Microchip\xc8\v2.32\pic\sources\c99\common\Umul8_16.c
		__Umul8_16     		CODE           	0881	0000	36

D:\Study\Microchip\xc8\v2.32\pic\sources\c99\common\Umul8_16.c estimated size: 36

D:\Study\Microchip\xc8\v2.32\pic\sources\c99\common\sprcdiv.c
		___fldiv       		CODE           	0563	0000	436

D:\Study\Microchip\xc8\v2.32\pic\sources\c99\common\sprcdiv.c estimated size: 436

mcc_generated_files/interrupt_manager.c
		_INTERRUPT_InterruptManager		CODE           	0004	0000	36

mcc_generated_files/interrupt_manager.c estimated size: 36

mcc_generated_files/pin_manager.c
		_IOCCF0_DefaultInterruptHandler		CODE           	092B	0000	53
		_PIN_MANAGER_Initialize		CODE           	0B42	0000	109
		_IOCCF3_DefaultInterruptHandler		CODE           	0A04	0000	56
		_IOCCF0_ISR    		CODE           	176B	0000	15
		_IOCCF3_ISR    		CODE           	1798	0000	15
		_IOCCF2_SetInterruptHandler		CODE           	1740	0000	9
		_IOCCF1_DefaultInterruptHandler		CODE           	0960	0000	54
		_IOCCF1_ISR    		CODE           	177A	0000	15
		_IOCCF0_SetInterruptHandler		CODE           	172E	0000	9
		_IOCCF3_SetInterruptHandler		CODE           	1749	0000	9
		_PIN_MANAGER_IOC		CODE           	0AF5	0000	77
		_IOCCF2_DefaultInterruptHandler		CODE           	09CC	0000	56
		_IOCCF2_ISR    		CODE           	1789	0000	15
		_IOCCF1_SetInterruptHandler		CODE           	1737	0000	9

mcc_generated_files/pin_manager.c estimated size: 501

D:\Study\Microchip\xc8\v2.32\pic\sources\c99\common\fltol.c
		___fltol       		CODE           	0BAF	0000	117

D:\Study\Microchip\xc8\v2.32\pic\sources\c99\common\fltol.c estimated size: 117

D:\Study\Microchip\xc8\v2.32\pic\sources\c99\common\aldiv.c
		___aldiv       		CODE           	0CA0	0000	144

D:\Study\Microchip\xc8\v2.32\pic\sources\c99\common\aldiv.c estimated size: 144

D:\Study\Microchip\xc8\v2.32\pic\sources\c99\common\sprcadd.c
		___fladd       		CODE           	005C	0000	688

D:\Study\Microchip\xc8\v2.32\pic\sources\c99\common\sprcadd.c estimated size: 688

shared
		i1_clear_display		CODE           	16E4	0000	5
		i1_send_data   		CODE           	17C7	0000	18
		i1_send_command		CODE           	17EC	0000	20
		i1_sub_data_command		CODE           	0A75	0000	64
		__initialization		CODE           	002A	0000	46

shared estimated size: 153

mcc_generated_files/mcc.c
		_PMD_Initialize		CODE           	0800	0000	8
		_OSCILLATOR_Initialize		CODE           	1725	0000	9
		_SYSTEM_Initialize		CODE           	17A7	0000	16

mcc_generated_files/mcc.c estimated size: 33

lcd_library.c
		_send_data     		CODE           	17D9	0000	19
		_lcd_display   		CODE           	0996	0000	54
		_display_float 		CODE           	0D30	0000	353
		_clear_display 		CODE           	16E9	0000	5
		_send_command  		CODE           	081C	0000	21
		_sub_data_command		CODE           	0AB5	0000	64
		_lcd_init      		CODE           	08A5	0000	41

lcd_library.c estimated size: 557

mcc_generated_files/eusart.c
		_EUSART_SetRxInterruptHandler		CODE           	171C	0000	9
		_putch         		CODE           	16FA	0000	7
		_EUSART_Read   		CODE           	08CE	0000	42
		_EUSART_DefaultOverrunErrorHandler		CODE           	16E0	0000	4
		_EUSART_Write  		CODE           	1752	0000	12
		_EUSART_DefaultErrorHandler		CODE           	16DC	0000	4
		_EUSART_Initialize		CODE           	08F8	0000	51
		_EUSART_SetFramingErrorHandler		CODE           	170A	0000	9
		_EUSART_SetErrorHandler		CODE           	1701	0000	9
		_EUSART_SetOverrunErrorHandler		CODE           	1713	0000	9
		_EUSART_Receive_ISR		CODE           	0A3C	0000	57
		_EUSART_RxDataHandler		CODE           	0848	0000	26
		_EUSART_DefaultFramingErrorHandler		CODE           	07FF	0000	1

mcc_generated_files/eusart.c estimated size: 240

mcc_generated_files/adcc.c
		_ADCC_GetSingleConversion		CODE           	0808	0000	20
		_ADCC_Initialize		CODE           	0831	0000	23

mcc_generated_files/adcc.c estimated size: 43

main.c
		_Serial_read   		CODE           	07C4	0000	59
		_Serial_send   		CODE           	0862	0000	31
		_main          		CODE           	0E91	0000	367

main.c estimated size: 457

